mode: set
mymath/mymath/main.go:6.36,11.23 4 1
mymath/mymath/main.go:11.23,13.3 1 1
mymath/mymath/main.go:15.2,16.10 2 1
